D:\MyWork\SunEyeVision_Dev\SunEyeVision.sln : 解决方案文件 error MSB5010: 未找到文件格式头。

生成失败。

D:\MyWork\SunEyeVision_Dev\SunEyeVision.sln : 解决方案文件 error MSB5010: 未找到文件格式头。
    0 个警告
    1 个错误

已用时间 00:00:00.03
